---
source: crates/jinja/minijinja/tests/test_templates.rs
description: "{% macro dialog(title) %}Dialog is {{ title }}{% endmacro %}\n\nShould be empty: {% do dialog(title=\"Hello World\") if foo > bar %}\nShould show: {{ dialog(title=\"Hello World\") }}"
info:
  bar: 23
  foo: 42
input_file: crates/jinja/minijinja/tests/inputs/do_expression.txt
---
Should be empty: 
Should show: Dialog is Hello World
