---
source: fs/sa/crates/dbt-jinja/minijinja/tests/test_templates.rs
description: "{{ 10_ }}"
info:
  __minijinja_current_path: err_bad_trailing_underscore.txt
  __minijinja_current_span:
    end_col: 1
    end_line: 1
    end_offset: 0
    start_col: 1
    start_line: 1
    start_offset: 0
input_file: fs/sa/crates/dbt-jinja/minijinja/tests/inputs/err_bad_trailing_underscore.txt
---
!!!SYNTAX ERROR!!!

Error {
    kind: SyntaxError,
    detail: "'_' may not occur at end of number",
    name: "err_bad_trailing_underscore.txt",
}

syntax error: '_' may not occur at end of number
(in err_bad_trailing_underscore.txt:1:1)
(in err_bad_trailing_underscore.txt:1:7)
