---
source: crates/jinja/minijinja/tests/test_parser.rs
description: "{% autoescape false %}foo{% endautoescape %}"
input_file: crates/jinja/minijinja/tests/parser-inputs/autoescape.txt
snapshot_kind: text
---
Ok(
    Template {
        children: [
            AutoEscape {
                enabled: Const {
                    value: false,
                } @ 1:15-1:20,
                body: [
                    EmitRaw {
                        raw: "foo",
                    } @ 1:23-1:26,
                ],
            } @ 1:1-1:45,
        ],
    } @ 0:0-1:45,
)
