---
source: fs/sa/crates/dbt-jinja/minijinja/tests/test_templates.rs
description: "{% for foo.baz in [] %}\n  ...\n{% endfor %}"
info:
  __minijinja_current_path: err_bad_dotted_assign_forloop.txt
  __minijinja_current_span:
    end_col: 1
    end_line: 1
    end_offset: 0
    start_col: 1
    start_line: 1
    start_offset: 0
input_file: fs/sa/crates/dbt-jinja/minijinja/tests/inputs/err_bad_dotted_assign_forloop.txt
---
!!!SYNTAX ERROR!!!

Error {
    kind: SyntaxError,
    detail: "unexpected `.`, expected in",
    name: "err_bad_dotted_assign_forloop.txt",
}

syntax error: unexpected `.`, expected in
(in err_bad_dotted_assign_forloop.txt:1:1)
