---
source: fs/sa/crates/dbt-jinja/minijinja/tests/test_compiler.rs
expression: "&c.finish()"
---
(
    [
        00000 | Lookup("first",  @ 0:0-0:0)  [line 0],
        00001 | JumpIfFalseOrPop(5,  @ 0:0-0:0),
        00002 | Lookup("second",  @ 0:0-0:0),
        00003 | JumpIfTrueOrPop(5,  @ 0:0-0:0),
        00004 | Lookup("third",  @ 0:0-0:0),
    ],
    {},
)
