---
source: fs/sa/crates/dbt-jinja/minijinja/tests/test_templates.rs
description: "{% macro foo(bar.baz) %}\n  ...\n{% endmacro %}"
info:
  __minijinja_current_path: err_bad_dotted_assign_macro.txt
  __minijinja_current_span:
    end_col: 1
    end_line: 1
    end_offset: 0
    start_col: 1
    start_line: 1
    start_offset: 0
input_file: fs/sa/crates/dbt-jinja/minijinja/tests/inputs/err_bad_dotted_assign_macro.txt
---
!!!SYNTAX ERROR!!!

Error {
    kind: SyntaxError,
    detail: "unexpected `.`, expected `,`",
    name: "err_bad_dotted_assign_macro.txt",
}

syntax error: unexpected `.`, expected `,`
(in err_bad_dotted_assign_macro.txt:1:1)
